n/Stop1.jpg
n/Stop10.jpg
n/Stop100.jpg
n/Stop101.jpg
n/Stop102.jpg
n/Stop103.jpg
n/Stop104.jpg
n/Stop105.jpg
n/Stop106.jpg
n/Stop107.jpg
n/Stop108.jpg
n/Stop109.jpg
n/Stop11.jpg
n/Stop110.jpg
n/Stop111.jpg
n/Stop112.jpg
n/Stop113.jpg
n/Stop114.jpg
n/Stop115.jpg
n/Stop116.jpg
n/Stop117.jpg
n/Stop118.jpg
n/Stop119.jpg
n/Stop12.jpg
n/Stop120.jpg
n/Stop121.jpg
n/Stop122.jpg
n/Stop123.jpg
n/Stop124.jpg
n/Stop125.jpg
n/Stop126.jpg
n/Stop127.jpg
n/Stop128.jpg
n/Stop129.jpg
n/Stop13.jpg
n/Stop130.jpg
n/Stop131.jpg
n/Stop132.jpg
n/Stop133.jpg
n/Stop134.jpg
n/Stop135.jpg
n/Stop136.jpg
n/Stop137.jpg
n/Stop138.jpg
n/Stop139.jpg
n/Stop14.jpg
n/Stop140.jpg
n/Stop141.jpg
n/Stop142.jpg
n/Stop143.jpg
n/Stop144.jpg
n/Stop145.jpg
n/Stop146.jpg
n/Stop147.jpg
n/Stop148.jpg
n/Stop149.jpg
n/Stop15.jpg
n/Stop150.jpg
n/Stop151.jpg
n/Stop152.jpg
n/Stop153.jpg
n/Stop154.jpg
n/Stop155.jpg
n/Stop156.jpg
n/Stop157.jpg
n/Stop158.jpg
n/Stop159.jpg
n/Stop16.jpg
n/Stop160.jpg
n/Stop161.jpg
n/Stop162.jpg
n/Stop163.jpg
n/Stop164.jpg
n/Stop165.jpg
n/Stop166.jpg
n/Stop167.jpg
n/Stop168.jpg
n/Stop169.jpg
n/Stop17.jpg
n/Stop170.jpg
n/Stop171.jpg
n/Stop172.jpg
n/Stop173.jpg
n/Stop174.jpg
n/Stop175.jpg
n/Stop176.jpg
n/Stop177.jpg
n/Stop178.jpg
n/Stop179.jpg
n/Stop18.jpg
n/Stop180.jpg
n/Stop181.jpg
n/Stop182.jpg
n/Stop183.jpg
n/Stop184.jpg
n/Stop185.jpg
n/Stop186.jpg
n/Stop187.jpg
n/Stop188.jpg
n/Stop189.jpg
n/Stop19.jpg
n/Stop190.jpg
n/Stop191.jpg
n/Stop192.jpg
n/Stop193.jpg
n/Stop194.jpg
n/Stop195.jpg
n/Stop196.jpg
n/Stop197.jpg
n/Stop198.jpg
n/Stop199.jpg
n/Stop2.jpg
n/Stop20.jpg
n/Stop200.jpg
n/Stop201.jpg
n/Stop202.jpg
n/Stop203.jpg
n/Stop204.jpg
n/Stop205.jpg
n/Stop206.jpg
n/Stop207.jpg
n/Stop208.jpg
n/Stop209.jpg
n/Stop21.jpg
n/Stop210.jpg
n/Stop211.jpg
n/Stop212.jpg
n/Stop213.jpg
n/Stop214.jpg
n/Stop215.jpg
n/Stop216.jpg
n/Stop217.jpg
n/Stop218.jpg
n/Stop219.jpg
n/Stop22.jpg
n/Stop220.jpg
n/Stop221.jpg
n/Stop222.jpg
n/Stop223.jpg
n/Stop224.jpg
n/Stop225.jpg
n/Stop226.jpg
n/Stop227.jpg
n/Stop228.jpg
n/Stop229.jpg
n/Stop23.jpg
n/Stop230.jpg
n/Stop231.jpg
n/Stop232.jpg
n/Stop233.jpg
n/Stop234.jpg
n/Stop235.jpg
n/Stop236.jpg
n/Stop237.jpg
n/Stop238.jpg
n/Stop239.jpg
n/Stop24.jpg
n/Stop240.jpg
n/Stop241.jpg
n/Stop242.jpg
n/Stop243.jpg
n/Stop244.jpg
n/Stop245.jpg
n/Stop246.jpg
n/Stop247.jpg
n/Stop248.jpg
n/Stop249.jpg
n/Stop25.jpg
n/Stop250.jpg
n/Stop251.jpg
n/Stop252.jpg
n/Stop253.jpg
n/Stop254.jpg
n/Stop255.jpg
n/Stop256.jpg
n/Stop257.jpg
n/Stop258.jpg
n/Stop259.jpg
n/Stop26.jpg
n/Stop260.jpg
n/Stop261.jpg
n/Stop262.jpg
n/Stop263.jpg
n/Stop264.jpg
n/Stop265.jpg
n/Stop266.jpg
n/Stop267.jpg
n/Stop268.jpg
n/Stop269.jpg
n/Stop27.jpg
n/Stop270.jpg
n/Stop271.jpg
n/Stop272.jpg
n/Stop273.jpg
n/Stop274.jpg
n/Stop275.jpg
n/Stop276.jpg
n/Stop277.jpg
n/Stop278.jpg
n/Stop279.jpg
n/Stop28.jpg
n/Stop280.jpg
n/Stop281.jpg
n/Stop282.jpg
n/Stop283.jpg
n/Stop284.jpg
n/Stop285.jpg
n/Stop286.jpg
n/Stop287.jpg
n/Stop288.jpg
n/Stop289.jpg
n/Stop29.jpg
n/Stop290.jpg
n/Stop291.jpg
n/Stop292.jpg
n/Stop293.jpg
n/Stop294.jpg
n/Stop295.jpg
n/Stop296.jpg
n/Stop297.jpg
n/Stop298.jpg
n/Stop3.jpg
n/Stop30.jpg
n/Stop31.jpg
n/Stop32.jpg
n/Stop33.jpg
n/Stop34.jpg
n/Stop35.jpg
n/Stop36.jpg
n/Stop37.jpg
n/Stop38.jpg
n/Stop39.jpg
n/Stop4.jpg
n/Stop40.jpg
n/Stop41.jpg
n/Stop42.jpg
n/Stop43.jpg
n/Stop44.jpg
n/Stop45.jpg
n/Stop46.jpg
n/Stop47.jpg
n/Stop48.jpg
n/Stop49.jpg
n/Stop5.jpg
n/Stop50.jpg
n/Stop51.jpg
n/Stop52.jpg
n/Stop53.jpg
n/Stop54.jpg
n/Stop55.jpg
n/Stop56.jpg
n/Stop57.jpg
n/Stop58.jpg
n/Stop59.jpg
n/Stop6.jpg
n/Stop60.jpg
n/Stop61.jpg
n/Stop62.jpg
n/Stop63.jpg
n/Stop64.jpg
n/Stop65.jpg
n/Stop66.jpg
n/Stop67.jpg
n/Stop68.jpg
n/Stop69.jpg
n/Stop7.jpg
n/Stop70.jpg
n/Stop71.jpg
n/Stop72.jpg
n/Stop73.jpg
n/Stop74.jpg
n/Stop75.jpg
n/Stop76.jpg
n/Stop77.jpg
n/Stop78.jpg
n/Stop79.jpg
n/Stop8.jpg
n/Stop80.jpg
n/Stop81.jpg
n/Stop82.jpg
n/Stop83.jpg
n/Stop84.jpg
n/Stop85.jpg
n/Stop86.jpg
n/Stop87.jpg
n/Stop88.jpg
n/Stop89.jpg
n/Stop9.jpg
n/Stop90.jpg
n/Stop91.jpg
n/Stop92.jpg
n/Stop93.jpg
n/Stop94.jpg
n/Stop95.jpg
n/Stop96.jpg
n/Stop97.jpg
n/Stop98.jpg
n/Stop99.jpg